
Running 1 test using 1 worker

localStorage not accessible
  Γ£ô  1 [chromium] ΓÇ║ tests\specs\01-auth-positive.spec.ts:16:7 ΓÇ║ Authentication - Positive Scenarios ΓÇ║ TC-001: User should be able to register successfully with valid data (8.5s)

  1 passed (13.7s)

To open last HTML report run:
[36m[39m
[36m  npx playwright show-report[39m
[36m[39m
